Traceback (most recent call last):
  File "/opt/hostedtoolcache/Python/3.12.12/x64/lib/python3.12/site-packages/jupyter_cache/executors/utils.py", line 58, in single_nb_execution
    executenb(
  File "/opt/hostedtoolcache/Python/3.12.12/x64/lib/python3.12/site-packages/nbclient/client.py", line 1319, in execute
    return NotebookClient(nb=nb, resources=resources, km=km, **kwargs).execute()
           ^^^^^^^^^^^^^^^^^^^^^^^^^^^^^^^^^^^^^^^^^^^^^^^^^^^^^^^^^^^^^^^^^^^^^
  File "/opt/hostedtoolcache/Python/3.12.12/x64/lib/python3.12/site-packages/jupyter_core/utils/__init__.py", line 165, in wrapped
    return loop.run_until_complete(inner)
           ^^^^^^^^^^^^^^^^^^^^^^^^^^^^^^
  File "/opt/hostedtoolcache/Python/3.12.12/x64/lib/python3.12/asyncio/base_events.py", line 691, in run_until_complete
    return future.result()
           ^^^^^^^^^^^^^^^
  File "/opt/hostedtoolcache/Python/3.12.12/x64/lib/python3.12/site-packages/nbclient/client.py", line 709, in async_execute
    await self.async_execute_cell(
  File "/opt/hostedtoolcache/Python/3.12.12/x64/lib/python3.12/site-packages/nbclient/client.py", line 1062, in async_execute_cell
    await self._check_raise_for_error(cell, cell_index, exec_reply)
  File "/opt/hostedtoolcache/Python/3.12.12/x64/lib/python3.12/site-packages/nbclient/client.py", line 918, in _check_raise_for_error
    raise CellExecutionError.from_cell_and_msg(cell, exec_reply_content)
nbclient.exceptions.CellExecutionError: An error occurred while executing the following cell:
------------------
for model in models:
    mic = nuda.eos.setupAM( model = model, kind = 'micro', asy = asy )
    mic.print_outputs( )
------------------

----- stdout -----
-> model: 1981-VAR-AM-FP
model ->  1981-VAR-AM-FP
flag_nm: True
flag_sm: True
flag_kf: True
flag_den: False
------------------

[31m---------------------------------------------------------------------------[39m
[31mAttributeError[39m                            Traceback (most recent call last)
[36mCell[39m[36m [39m[32mIn[6][39m[32m, line 2[39m
[32m      1[39m [38;5;28;01mfor[39;00m model [38;5;129;01min[39;00m models:
[32m----> [39m[32m2[39m     mic = [43mnuda[49m[43m.[49m[43meos[49m[43m.[49m[43msetupAM[49m[43m([49m[43m [49m[43mmodel[49m[43m [49m[43m=[49m[43m [49m[43mmodel[49m[43m,[49m[43m [49m[43mkind[49m[43m [49m[43m=[49m[43m [49m[33;43m'[39;49m[33;43mmicro[39;49m[33;43m'[39;49m[43m,[49m[43m [49m[43masy[49m[43m [49m[43m=[49m[43m [49m[43masy[49m[43m [49m[43m)[49m
[32m      3[39m     mic.print_outputs( )

[36mFile [39m[32m~/work/nucleardatapy/nucleardatapy/version-1.0/nucleardatapy/eos/setup_am.py:65[39m, in [36msetupAM.__init__[39m[34m(self, model, param, kind, asy, x_mu)[39m
[32m     63[39m [38;5;66;03m#[39;00m
[32m     64[39m [38;5;28;01mif[39;00m kind == [33m'[39m[33mmicro[39m[33m'[39m:
[32m---> [39m[32m65[39m     esym = [43mnuda[49m[43m.[49m[43mmatter[49m[43m.[49m[43msetupMicroEsym[49m[43m([49m[43m [49m[43mmodel[49m[43m [49m[43m=[49m[43m [49m[43mmodel[49m[43m [49m[43m)[49m
[32m     66[39m     [38;5;66;03m#eos.print_outputs( )[39;00m
[32m     67[39m [38;5;28;01melif[39;00m kind == [33m'[39m[33mpheno[39m[33m'[39m:

[36mFile [39m[32m~/work/nucleardatapy/nucleardatapy/version-1.0/nucleardatapy/matter/setup_micro_esym.py:241[39m, in [36msetupMicroEsym.__init__[39m[34m(self, model, var1, var2)[39m
[32m    239[39m     [38;5;28mself[39m.sm_pre_err = mic.sm_pre_err
[32m    240[39m     [38;5;28mself[39m.nm_pre_err = mic.nm_pre_err
[32m--> [39m[32m241[39m [38;5;28;01mif[39;00m [38;5;28;43mself[39;49m[43m.[49m[43mcsc2_err[49m:
[32m    242[39m     [38;5;28mself[39m.sm_cs2_err = mic.sm_cs2_err
[32m    243[39m     [38;5;28mself[39m.nm_cs2_err = mic.nm_cs2_err

[31mAttributeError[39m: 'setupMicroEsym' object has no attribute 'csc2_err'

