Traceback (most recent call last):
  File "/opt/hostedtoolcache/Python/3.12.12/x64/lib/python3.12/site-packages/jupyter_cache/executors/utils.py", line 58, in single_nb_execution
    executenb(
  File "/opt/hostedtoolcache/Python/3.12.12/x64/lib/python3.12/site-packages/nbclient/client.py", line 1319, in execute
    return NotebookClient(nb=nb, resources=resources, km=km, **kwargs).execute()
           ^^^^^^^^^^^^^^^^^^^^^^^^^^^^^^^^^^^^^^^^^^^^^^^^^^^^^^^^^^^^^^^^^^^^^
  File "/opt/hostedtoolcache/Python/3.12.12/x64/lib/python3.12/site-packages/jupyter_core/utils/__init__.py", line 165, in wrapped
    return loop.run_until_complete(inner)
           ^^^^^^^^^^^^^^^^^^^^^^^^^^^^^^
  File "/opt/hostedtoolcache/Python/3.12.12/x64/lib/python3.12/asyncio/base_events.py", line 691, in run_until_complete
    return future.result()
           ^^^^^^^^^^^^^^^
  File "/opt/hostedtoolcache/Python/3.12.12/x64/lib/python3.12/site-packages/nbclient/client.py", line 709, in async_execute
    await self.async_execute_cell(
  File "/opt/hostedtoolcache/Python/3.12.12/x64/lib/python3.12/site-packages/nbclient/client.py", line 1062, in async_execute_cell
    await self._check_raise_for_error(cell, cell_index, exec_reply)
  File "/opt/hostedtoolcache/Python/3.12.12/x64/lib/python3.12/site-packages/nbclient/client.py", line 918, in _check_raise_for_error
    raise CellExecutionError.from_cell_and_msg(cell, exec_reply_content)
nbclient.exceptions.CellExecutionError: An error occurred while executing the following cell:
------------------
den = np.array([0.04,0.06,0.08,0.1,0.12,0.14,0.16])
models = [ '2016-MBPT-AM', '2020-MBPT-AM' ]
band = nuda.matter.setupMicroBand( models, den=den, matter='ESYM' )
micro_mbs, micro_mbs_lower = nuda.matter.micro_esym_mbs()
pheno_models = [ 'Skyrme', 'NLRH', 'DDRH', 'DDRHF' ]
nuda.fig.matter_Esym_fig( None, micro_mbs, pheno_models, band )
------------------

----- stdout -----

Band for Esym
model ->  2016-MBPT-AM
flag_nm: True
flag_sm: True
flag_kf: False
flag_den: True
-> model: 2016-MBPT-AM
model ->  2016-MBPT-AM
flag_nm: True
flag_sm: True
flag_kf: False
flag_den: True
model ->  2020-MBPT-AM
flag_nm: True
flag_sm: True
flag_kf: False
flag_den: True
-> model: 2020-MBPT-AM
model ->  2020-MBPT-AM
flag_nm: True
flag_sm: True
flag_kf: False
flag_den: True
model ->  2016-MBPT-AM
flag_nm: True
flag_sm: True
flag_kf: False
flag_den: True
-> model: 2016-MBPT-AM
model ->  2016-MBPT-AM
flag_nm: True
flag_sm: True
flag_kf: False
flag_den: True
model ->  2020-MBPT-AM
flag_nm: True
flag_sm: True
flag_kf: False
flag_den: True
-> model: 2020-MBPT-AM
model ->  2020-MBPT-AM
flag_nm: True
flag_sm: True
flag_kf: False
flag_den: True
------------------

[31m---------------------------------------------------------------------------[39m
[31mAttributeError[39m                            Traceback (most recent call last)
[36mCell[39m[36m [39m[32mIn[4][39m[32m, line 6[39m
[32m      4[39m micro_mbs, micro_mbs_lower = nuda.matter.micro_esym_mbs()
[32m      5[39m pheno_models = [ [33m'[39m[33mSkyrme[39m[33m'[39m, [33m'[39m[33mNLRH[39m[33m'[39m, [33m'[39m[33mDDRH[39m[33m'[39m, [33m'[39m[33mDDRHF[39m[33m'[39m ]
[32m----> [39m[32m6[39m [43mnuda[49m[43m.[49m[43mfig[49m[43m.[49m[43mmatter_Esym_fig[49m( [38;5;28;01mNone[39;00m, micro_mbs, pheno_models, band )

[31mAttributeError[39m: module 'nucleardatapy.fig' has no attribute 'matter_Esym_fig'

