Traceback (most recent call last):
  File "/opt/hostedtoolcache/Python/3.12.13/x64/lib/python3.12/site-packages/jupyter_cache/executors/utils.py", line 58, in single_nb_execution
    executenb(
  File "/opt/hostedtoolcache/Python/3.12.13/x64/lib/python3.12/site-packages/nbclient/client.py", line 1323, in execute
    return NotebookClient(nb=nb, resources=resources, km=km, **kwargs).execute()
           ^^^^^^^^^^^^^^^^^^^^^^^^^^^^^^^^^^^^^^^^^^^^^^^^^^^^^^^^^^^^^^^^^^^^^
  File "/opt/hostedtoolcache/Python/3.12.13/x64/lib/python3.12/site-packages/jupyter_core/utils/__init__.py", line 165, in wrapped
    return loop.run_until_complete(inner)
           ^^^^^^^^^^^^^^^^^^^^^^^^^^^^^^
  File "/opt/hostedtoolcache/Python/3.12.13/x64/lib/python3.12/asyncio/base_events.py", line 691, in run_until_complete
    return future.result()
           ^^^^^^^^^^^^^^^
  File "/opt/hostedtoolcache/Python/3.12.13/x64/lib/python3.12/site-packages/nbclient/client.py", line 709, in async_execute
    await self.async_execute_cell(
  File "/opt/hostedtoolcache/Python/3.12.13/x64/lib/python3.12/site-packages/nbclient/client.py", line 1062, in async_execute_cell
    await self._check_raise_for_error(cell, cell_index, exec_reply)
  File "/opt/hostedtoolcache/Python/3.12.13/x64/lib/python3.12/site-packages/nbclient/client.py", line 918, in _check_raise_for_error
    raise CellExecutionError.from_cell_and_msg(cell, exec_reply_content)
nbclient.exceptions.CellExecutionError: An error occurred while executing the following cell:
------------------
for model in models:
    crust = nuda.crust.setupCrust( model = model )
    #crust.print_outputs( )
------------------


[31m---------------------------------------------------------------------------[39m
[31mValueError[39m                                Traceback (most recent call last)
[36mCell[39m[36m [39m[32mIn[4][39m[32m, line 2[39m
[32m      1[39m [38;5;28;01mfor[39;00m model [38;5;28;01min[39;00m models:
[32m----> [39m[32m2[39m     crust = nuda.crust.setupCrust( model = model )
[32m      3[39m     [38;5;66;03m#crust.print_outputs( )[39;00m

[36mFile [39m[32m~/work/nucleardatapy/nucleardatapy/version-1.0/nucleardatapy/crust/setup_crust.py:250[39m, in [36msetupCrust.__init__[39m[34m(self, model)[39m
[32m    245[39m [38;5;28mself[39m.latexCite = [33m'[39m[33mMPearson:2018[39m[33m'[39m
[32m    246[39m [38;5;28mself[39m.ncl = [32m0.16[39m [38;5;66;03m# in fm-3[39;00m
[32m    247[39m [38;5;28mself[39m.den, [38;5;28mself[39m.Z, [38;5;28mself[39m.xp, [38;5;28mself[39m.N, A, [38;5;28mself[39m.RWS, xlambda, [38;5;28mself[39m.pre, [38;5;28mself[39m.e2a_etf, [38;5;28mself[39m.e2a_tot, \
[32m    248[39m [38;5;28mself[39m.rho, siswitch, [38;5;28mself[39m.e_si, [38;5;28mself[39m.e_pair, [38;5;28mself[39m.mu_p, [38;5;28mself[39m.mu_n, [38;5;28mself[39m.mu_e, ap, Cp, an, Cp, nLP, nLn, \
[32m    249[39m nBp, nBn, [38;5;28mself[39m.Zcl, [38;5;28mself[39m.Ncl, [38;5;28mself[39m.Acl \
[32m--> [39m[32m250[39m     = [43mnp[49m[43m.[49m[43mloadtxt[49m[43m([49m[43m [49m[43mfile_in[49m[43m,[49m[43m [49m[43musecols[49m[43m=[49m[43m([49m[32;43m0[39;49m[43m,[49m[32;43m1[39;49m[43m,[49m[32;43m2[39;49m[43m,[49m[32;43m3[39;49m[43m,[49m[32;43m4[39;49m[43m,[49m[32;43m5[39;49m[43m,[49m[32;43m6[39;49m[43m,[49m[32;43m7[39;49m[43m,[49m[32;43m8[39;49m[43m,[49m[32;43m9[39;49m[43m,[49m[32;43m10[39;49m[43m,[49m[32;43m11[39;49m[43m,[49m[32;43m12[39;49m[43m,[49m[32;43m13[39;49m[43m,[49m[32;43m14[39;49m[43m,[49m[32;43m15[39;49m[43m,[49m[32;43m16[39;49m[43m,[49m[32;43m17[39;49m[43m,[49m[32;43m18[39;49m[43m,[49m[32;43m19[39;49m[43m,[49m[32;43m20[39;49m[43m,[49m[32;43m21[39;49m[43m,[49m[32;43m22[39;49m[43m,[49m[32;43m23[39;49m[43m,[49m[32;43m24[39;49m[43m,[49m[32;43m25[39;49m[43m,[49m[32;43m26[39;49m[43m,[49m[32;43m27[39;49m[43m,[49m[32;43m28[39;49m[43m)[49m[43m,[49m[43m [49m[43munpack[49m[43m [49m[43m=[49m[43m [49m[38;5;28;43;01mTrue[39;49;00m[43m [49m[43m)[49m
[32m    251[39m [38;5;28mself[39m.den_cgs = [38;5;28mself[39m.den / [32m1.e-39[39m [38;5;66;03m# in cm-3[39;00m
[32m    252[39m [38;5;28mself[39m.N = np.array([ [38;5;28mint[39m(item) [38;5;28;01mfor[39;00m item [38;5;129;01min[39;00m [38;5;28mself[39m.N ])

[36mFile [39m[32m/opt/hostedtoolcache/Python/3.12.13/x64/lib/python3.12/site-packages/numpy/lib/_npyio_impl.py:1384[39m, in [36mloadtxt[39m[34m(fname, dtype, comments, delimiter, converters, skiprows, usecols, unpack, ndmin, encoding, max_rows, quotechar, like)[39m
[32m   1381[39m [38;5;28;01mif[39;00m [38;5;28misinstance[39m(delimiter, [38;5;28mbytes[39m):
[32m   1382[39m     delimiter = delimiter.decode([33m'[39m[33mlatin1[39m[33m'[39m)
[32m-> [39m[32m1384[39m arr = [43m_read[49m[43m([49m[43mfname[49m[43m,[49m[43m [49m[43mdtype[49m[43m=[49m[43mdtype[49m[43m,[49m[43m [49m[43mcomment[49m[43m=[49m[43mcomment[49m[43m,[49m[43m [49m[43mdelimiter[49m[43m=[49m[43mdelimiter[49m[43m,[49m
[32m   1385[39m [43m            [49m[43mconverters[49m[43m=[49m[43mconverters[49m[43m,[49m[43m [49m[43mskiplines[49m[43m=[49m[43mskiprows[49m[43m,[49m[43m [49m[43musecols[49m[43m=[49m[43musecols[49m[43m,[49m
[32m   1386[39m [43m            [49m[43munpack[49m[43m=[49m[43munpack[49m[43m,[49m[43m [49m[43mndmin[49m[43m=[49m[43mndmin[49m[43m,[49m[43m [49m[43mencoding[49m[43m=[49m[43mencoding[49m[43m,[49m
[32m   1387[39m [43m            [49m[43mmax_rows[49m[43m=[49m[43mmax_rows[49m[43m,[49m[43m [49m[43mquote[49m[43m=[49m[43mquotechar[49m[43m)[49m
[32m   1389[39m [38;5;28;01mreturn[39;00m arr

[36mFile [39m[32m/opt/hostedtoolcache/Python/3.12.13/x64/lib/python3.12/site-packages/numpy/lib/_npyio_impl.py:1035[39m, in [36m_read[39m[34m(fname, delimiter, comment, quote, imaginary_unit, usecols, skiplines, max_rows, converters, ndmin, unpack, dtype, encoding)[39m
[32m   1032[39m     data = _preprocess_comments(data, comments, encoding)
[32m   1034[39m [38;5;28;01mif[39;00m read_dtype_via_object_chunks [38;5;129;01mis[39;00m [38;5;28;01mNone[39;00m:
[32m-> [39m[32m1035[39m     arr = [43m_load_from_filelike[49m[43m([49m
[32m   1036[39m [43m        [49m[43mdata[49m[43m,[49m[43m [49m[43mdelimiter[49m[43m=[49m[43mdelimiter[49m[43m,[49m[43m [49m[43mcomment[49m[43m=[49m[43mcomment[49m[43m,[49m[43m [49m[43mquote[49m[43m=[49m[43mquote[49m[43m,[49m
[32m   1037[39m [43m        [49m[43mimaginary_unit[49m[43m=[49m[43mimaginary_unit[49m[43m,[49m
[32m   1038[39m [43m        [49m[43musecols[49m[43m=[49m[43musecols[49m[43m,[49m[43m [49m[43mskiplines[49m[43m=[49m[43mskiplines[49m[43m,[49m[43m [49m[43mmax_rows[49m[43m=[49m[43mmax_rows[49m[43m,[49m
[32m   1039[39m [43m        [49m[43mconverters[49m[43m=[49m[43mconverters[49m[43m,[49m[43m [49m[43mdtype[49m[43m=[49m[43mdtype[49m[43m,[49m
[32m   1040[39m [43m        [49m[43mencoding[49m[43m=[49m[43mencoding[49m[43m,[49m[43m [49m[43mfilelike[49m[43m=[49m[43mfilelike[49m[43m,[49m
[32m   1041[39m [43m        [49m[43mbyte_converters[49m[43m=[49m[43mbyte_converters[49m[43m)[49m
[32m   1043[39m [38;5;28;01melse[39;00m:
[32m   1044[39m     [38;5;66;03m# This branch reads the file into chunks of object arrays and then[39;00m
[32m   1045[39m     [38;5;66;03m# casts them to the desired actual dtype.  This ensures correct[39;00m
[32m   1046[39m     [38;5;66;03m# string-length and datetime-unit discovery (like `arr.astype()`).[39;00m
[32m   1047[39m     [38;5;66;03m# Due to chunking, certain error reports are less clear, currently.[39;00m
[32m   1048[39m     [38;5;28;01mif[39;00m filelike:

[31mValueError[39m: invalid column index 28 at row 1 with 28 columns

