Traceback (most recent call last):
  File "/opt/hostedtoolcache/Python/3.12.12/x64/lib/python3.12/site-packages/jupyter_cache/executors/utils.py", line 58, in single_nb_execution
    executenb(
  File "/opt/hostedtoolcache/Python/3.12.12/x64/lib/python3.12/site-packages/nbclient/client.py", line 1319, in execute
    return NotebookClient(nb=nb, resources=resources, km=km, **kwargs).execute()
           ^^^^^^^^^^^^^^^^^^^^^^^^^^^^^^^^^^^^^^^^^^^^^^^^^^^^^^^^^^^^^^^^^^^^^
  File "/opt/hostedtoolcache/Python/3.12.12/x64/lib/python3.12/site-packages/jupyter_core/utils/__init__.py", line 165, in wrapped
    return loop.run_until_complete(inner)
           ^^^^^^^^^^^^^^^^^^^^^^^^^^^^^^
  File "/opt/hostedtoolcache/Python/3.12.12/x64/lib/python3.12/asyncio/base_events.py", line 691, in run_until_complete
    return future.result()
           ^^^^^^^^^^^^^^^
  File "/opt/hostedtoolcache/Python/3.12.12/x64/lib/python3.12/site-packages/nbclient/client.py", line 709, in async_execute
    await self.async_execute_cell(
  File "/opt/hostedtoolcache/Python/3.12.12/x64/lib/python3.12/site-packages/nbclient/client.py", line 1062, in async_execute_cell
    await self._check_raise_for_error(cell, cell_index, exec_reply)
  File "/opt/hostedtoolcache/Python/3.12.12/x64/lib/python3.12/site-packages/nbclient/client.py", line 918, in _check_raise_for_error
    raise CellExecutionError.from_cell_and_msg(cell, exec_reply_content)
nbclient.exceptions.CellExecutionError: An error occurred while executing the following cell:
------------------
nuda.fig.hnuc_setupChart_fig( None, table1L, table2L, table1Xi )
------------------

----- stdout -----
Plot name: None
Table  2  is not in the list of tables.
list of tables: ['2016-1L-GHM']
-- Exit the code --
------------------

[31m---------------------------------------------------------------------------[39m
[31mNameError[39m                                 Traceback (most recent call last)
[36mCell[39m[36m [39m[32mIn[5][39m[32m, line 1[39m
[32m----> [39m[32m1[39m [43mnuda[49m[43m.[49m[43mfig[49m[43m.[49m[43mhnuc_setupChart_fig[49m[43m([49m[43m [49m[38;5;28;43;01mNone[39;49;00m[43m,[49m[43m [49m[43mtable1L[49m[43m,[49m[43m [49m[43mtable2L[49m[43m,[49m[43m [49m[43mtable1Xi[49m[43m [49m[43m)[49m

[36mFile [39m[32m~/work/nucleardatapy/nucleardatapy/version-1.0/nucleardatapy/fig/hnuc_setupChart_fig.py:40[39m, in [36mhnuc_setupChart_fig[39m[34m(pname, tables1L, tables2L, tables1Xi)[39m
[32m     38[39m [38;5;66;03m#[39;00m
[32m     39[39m [38;5;28;01mfor[39;00m table1L [38;5;129;01min[39;00m tables1L:
[32m---> [39m[32m40[39m     hnuc1L = [43mnuda[49m[43m.[49m[43mhnuc[49m[43m.[49m[43msetupRE1LExp[49m[43m([49m[43m [49m[43mtable[49m[43m [49m[43m=[49m[43m [49m[43mtable1L[49m[43m [49m[43m)[49m
[32m     41[39m     axs.scatter( hnuc1L.N,      hnuc1L.Z,      marker=[33m'[39m[33ms[39m[33m'[39m, s=[32m12[39m, color=nuda.param.col[[32m0[39m], label=[33mr[39m[33m'[39m[33m1$[39m[33m\[39m[33mLambda$ from table [39m[33m'[39m+table1L )
[32m     42[39m [38;5;28;01mfor[39;00m table2L [38;5;129;01min[39;00m tables2L:

[36mFile [39m[32m~/work/nucleardatapy/nucleardatapy/version-1.0/nucleardatapy/hnuc/setup_re1L_exp.py:65[39m, in [36msetupRE1LExp.__init__[39m[34m(self, table)[39m
[32m     63[39m    [38;5;28mprint[39m([33m'[39m[33mlist of tables:[39m[33m'[39m,tables)
[32m     64[39m    [38;5;28mprint[39m([33m'[39m[33m-- Exit the code --[39m[33m'[39m)
[32m---> [39m[32m65[39m    [43mexit[49m()
[32m     66[39m [38;5;66;03m#[39;00m
[32m     67[39m [38;5;66;03m# Read the table[39;00m
[32m     68[39m [38;5;66;03m#[39;00m
[32m     69[39m nucZ = []

[31mNameError[39m: name 'exit' is not defined

